admin
admin.aspx
admin.aspxx
admin.aspx
admin.html
admin.aspx
admin.xhtml
admin/
wp-admin
wp-admin/
wp-login.aspx
wp-login/
admin/account.aspx
admin/account.aspx
admin/account.html
admin/account.aspx
admin/admin.aspx
admin/admin.aspx
admin/admin.html
admin/admin.aspx
admin/admin_login.aspx
admin/admin_login.aspx
admin/admin_login.html
admin/admin_login.aspx
admin/admin-login.aspx
admin/adminLogin.aspx
admin/admin-login.aspx
admin/adminLogin.aspx
admin/admin-login.html
admin/adminLogin.html
admin/admin-login.aspx
admin/adminLogin.aspx
admin/controlpanel.aspx
admin/controlpanel.aspx
admin/controlpanel.html
admin/controlpanel.aspx
admin/cp.aspx
admin/cp.aspx
admin/cp.html
admin/cp.aspx
admin/home.aspx
admin/home.aspx
admin/home.html
admin/home.aspx
admin/index.aspx
admin/index.aspx
admin/index.html
admin/index.aspx
admin/login.aspx
admin/login.aspx
admin/login.html
admin/login.aspx
account.aspx
account.aspx
account.html
account.aspx
acct_login/
adm
adm.aspx
adm.aspx
adm.html
adm.aspx
adm/
adm/admloginuser.aspx
adm/admloginuser.aspx
adm/admloginuser.aspx
adm/index.aspx
adm/index.aspx
adm/index.html
adm/index.aspx
adm_auth.aspx
adm_auth.aspx
adm_auth.aspx
admin_area
admin_area/
admin_area/admin.aspx
admin_area/admin.aspx
admin_area/admin.html
admin_area/admin.aspx
admin_area/index.aspx
admin_area/index.aspx
admin_area/index.html
admin_area/index.aspx
admin_area/login.aspx
admin_area/login.aspx
admin_area/login.html
admin_area/login.aspx
admin_login.aspx
admin_login.aspx
admin_login.html
admin_login.aspx
admin1.aspx
admin1.html
admin1.aspx
admin1/
admin2.aspx
admin2.aspx
admin2.html
admin2.aspx
admin2/index.aspx
admin2/index.aspx
admin2/index.aspx
admin2/login.aspx
admin2/login.aspx
admin2/login.aspx
admin4_account/
admin4_colon/
adminarea
adminarea/admin.aspx
adminarea/admin.aspx
adminarea/admin.html
adminarea/admin.aspx
adminarea/index.aspx
adminarea/index.aspx
adminarea/index.html
adminarea/index.aspx
adminarea/login.aspx
adminarea/login.aspx
adminarea/login.html
adminarea/login.aspx
admincontrol.aspx
admincontrol.aspx
admincontrol.html
admincontrol.aspx
admincontrol/login.aspx
admincontrol/login.aspx
admincontrol/login.html
admincontrol/login.aspx
admincp/index.aspx
admincp/index.aspx
admincp/index.html
admincp/login.aspx
admincp/login.aspx
administer/
administr8.aspx
administr8.html
administr8.aspx
administr8/
administratie/
administration.html
administration.aspx
administration/
administrator
administrator.aspx
administrator.aspx
administrator.html
administrator.aspx
administrator/
administrator/account.aspx
administrator/account.aspx
administrator/account.html
administrator/account.aspx
administrator/index.aspx
administrator/index.aspx
administrator/index.html
administrator/index.aspx
administrator/login.aspx
administrator/login.aspx
administrator/login.html
administrator/login.aspx
administratoraccounts/
administratorlogin
administratorlogin.aspx
administratorlogin.aspx
administratorlogin.aspx
administrators/
administrivia/
adminLogin
admin-login.aspx
adminLogin.aspx
admin-login.aspx
adminLogin.aspx
admin-login.html
adminLogin.html
admin-login.aspx
adminLogin.aspx
adminpanel.aspx
adminpanel.aspx
adminpanel.html
adminpanel.aspx
adminpro/
admins.aspx
admins.html
admins.aspx
admins/
AdminTools/
admloginuser.aspx
admloginuser.aspx
admloginuser.aspx
affiliate.aspx
affiliate.aspx
affiliate.aspx
autologin/
banneradmin/
bb-admin
bbadmin/
bb-admin/admin.aspx
bb-admin/admin.aspx
bb-admin/admin.html
bb-admin/admin.aspx
bb-admin/index.aspx
bb-admin/index.aspx
bb-admin/index.html
bb-admin/index.aspx
bb-admin/login.aspx
bb-admin/login.aspx
bb-admin/login.html
bb-admin/login.aspx
bigadmin/
blogindex/
cadmins/
ccp14admin/
Clave/
cmsadmin/
controlpanel.aspx
controlpanel.aspx
controlpanel.html
controlpanel.aspx
controlpanel/
cp.aspx
cp.aspx
cp.html
cp.aspx
cpanel/
cPanel/
cpanel_file/
customer_login/
database_administration/
Database_Administration/
directadmin/
dir-login/
ezsqliteadmin/
fileadmin.aspx
fileadmin.html
fileadmin.aspx
fileadmin/
formslogin/
globes_admin/
home.aspx
home.aspx
home.html
home.aspx
hpwebjetadmin/
Indy_admin/
instadmin
irc-macadmin/
LiveUser_Admin/
login.aspx
login.aspx
login.html
login.aspx
login_db/
login1/
loginflat/
login-redirect/
login-us/
logo_sysadmin/
Lotus_Domino_Admin/
macadmin/
manage
manuallogin/
memberadmin
memberadmin.aspx
memberadmin.aspx
memberadmin.aspx
members/
memlogin/
meta_login/
modelsearch/admin.aspx
modelsearch/admin.aspx
modelsearch/admin.html
modelsearch/admin.aspx
modelsearch/index.aspx
modelsearch/index.aspx
modelsearch/index.html
modelsearch/index.aspx
modelsearch/login.aspx
modelsearch/login.aspx
modelsearch/login.html
modelsearch/login.aspx
moderator
moderator.aspx
moderator.aspx
moderator.html
moderator.aspx
moderator/
moderator/admin.aspx
moderator/admin.aspx
moderator/admin.html
moderator/admin.aspx
moderator/login.aspx
moderator/login.aspx
moderator/login.html
moderator/login.aspx
myadmin/
navSiteAdmin/
newsadmin/
nsw/admin/login.aspx
openvpnadmin/
P\/W/
pages/admin/admin-login.aspx
pages/admin/admin-login.aspx
pages/admin/admin-login.html
pages/admin/admin-login.aspx
panel/
panel-administracion
panel-administracion/admin.aspx
panel-administracion/admin.aspx
panel-administracion/admin.html
panel-administracion/admin.aspx
panel-administracion/index.aspx
panel-administracion/index.aspx
panel-administracion/index.html
panel-administracion/index.aspx
panel-administracion/login.aspx
panel-administracion/login.aspx
panel-administracion/login.html
panel-administracion/login.aspx
passe/
password/
Password/
PASSWORD/
Personal/
pgadmin/
aspxldapadmin/
aspxmyadmin/
aspxpgadmin/
aspxSQLiteAdmin/
platz_login/
power_user/
project-admins/
pureadmin/
radmind/
radmind-1/
rcjakar/admin/login.aspx
rcLogin/
senha/
Senha/
Server.aspx
Server.html
Server.aspx
server/
Server/
server_admin_small/
ServerAdministrator/
showlogin/
simpleLogin/
Sing/
siteadmin/index.aspx
siteadmin/index.aspx
siteadmin/index.aspx
siteadmin/login.aspx
siteadmin/login.aspx
siteadmin/login.html
siteadmin/login.aspx
smblogin/
sql-admin/
ss_vms_admin_sm/
sshadmin/
staradmin/
sub-login/
Super-Admin/
support_login/
sysadmin.aspx
sysadmin.html
sysadmin.aspx
sysadmin/
sys-admin/
SysAdmin/
SysAdmin2/
sysadmins/
system_administration/
system-administration/
typo3/
ur-admin.aspx
ur-admin.html
ur-admin.aspx
ur-admin/
usager/
Usager/
user.aspx
user.aspx
user.html
user.aspx
useradmin/
UserLogin/
username/
Username/
USERNAME/
Usuario/
utility_login/
vadmind/
vmailadmin/
webadmin
webadmin.aspx
webadmin.aspx
webadmin.html
webadmin.aspx
webadmin/
WebAdmin/
webadmin/admin.aspx
webadmin/admin.aspx
webadmin/admin.html
webadmin/admin.aspx
webadmin/index.aspx
webadmin/index.aspx
webadmin/index.html
webadmin/index.aspx
webadmin/login.aspx
webadmin/login.aspx
webadmin/login.html
webadmin/login.aspx
wizmysqladmin/
wp-admin
wp-admin/
wp-login.aspx
wp-login/
xlogin/
yonetici.aspx
yonetici.html
yonetici.aspx
yonetim.aspx
yonetim.html
yonetim.aspx
