admin
admin.asp
admin.aspx
admin.asp
admin.html
admin.asp
admin.xhtml
admin/
wp-admin
wp-admin/
wp-login.asp
wp-login/
admin/account.asp
admin/account.asp
admin/account.html
admin/account.asp
admin/admin.asp
admin/admin.asp
admin/admin.html
admin/admin.asp
admin/admin_login.asp
admin/admin_login.asp
admin/admin_login.html
admin/admin_login.asp
admin/admin-login.asp
admin/adminLogin.asp
admin/admin-login.asp
admin/adminLogin.asp
admin/admin-login.html
admin/adminLogin.html
admin/admin-login.asp
admin/adminLogin.asp
admin/controlpanel.asp
admin/controlpanel.asp
admin/controlpanel.html
admin/controlpanel.asp
admin/cp.asp
admin/cp.asp
admin/cp.html
admin/cp.asp
admin/home.asp
admin/home.asp
admin/home.html
admin/home.asp
admin/index.asp
admin/index.asp
admin/index.html
admin/index.asp
admin/login.asp
admin/login.asp
admin/login.html
admin/login.asp
account.asp
account.asp
account.html
account.asp
acct_login/
adm
adm.asp
adm.asp
adm.html
adm.asp
adm/
adm/admloginuser.asp
adm/admloginuser.asp
adm/admloginuser.asp
adm/index.asp
adm/index.asp
adm/index.html
adm/index.asp
adm_auth.asp
adm_auth.asp
adm_auth.asp
admin_area
admin_area/
admin_area/admin.asp
admin_area/admin.asp
admin_area/admin.html
admin_area/admin.asp
admin_area/index.asp
admin_area/index.asp
admin_area/index.html
admin_area/index.asp
admin_area/login.asp
admin_area/login.asp
admin_area/login.html
admin_area/login.asp
admin_login.asp
admin_login.asp
admin_login.html
admin_login.asp
admin1.asp
admin1.html
admin1.asp
admin1/
admin2.asp
admin2.asp
admin2.html
admin2.asp
admin2/index.asp
admin2/index.asp
admin2/index.asp
admin2/login.asp
admin2/login.asp
admin2/login.asp
admin4_account/
admin4_colon/
adminarea
adminarea/admin.asp
adminarea/admin.asp
adminarea/admin.html
adminarea/admin.asp
adminarea/index.asp
adminarea/index.asp
adminarea/index.html
adminarea/index.asp
adminarea/login.asp
adminarea/login.asp
adminarea/login.html
adminarea/login.asp
admincontrol.asp
admincontrol.asp
admincontrol.html
admincontrol.asp
admincontrol/login.asp
admincontrol/login.asp
admincontrol/login.html
admincontrol/login.asp
admincp/index.asp
admincp/index.asp
admincp/index.html
admincp/login.asp
admincp/login.asp
administer/
administr8.asp
administr8.html
administr8.asp
administr8/
administratie/
administration.html
administration.asp
administration/
administrator
administrator.asp
administrator.asp
administrator.html
administrator.asp
administrator/
administrator/account.asp
administrator/account.asp
administrator/account.html
administrator/account.asp
administrator/index.asp
administrator/index.asp
administrator/index.html
administrator/index.asp
administrator/login.asp
administrator/login.asp
administrator/login.html
administrator/login.asp
administratoraccounts/
administratorlogin
administratorlogin.asp
administratorlogin.asp
administratorlogin.asp
administrators/
administrivia/
adminLogin
admin-login.asp
adminLogin.asp
admin-login.asp
adminLogin.asp
admin-login.html
adminLogin.html
admin-login.asp
adminLogin.asp
adminpanel.asp
adminpanel.asp
adminpanel.html
adminpanel.asp
adminpro/
admins.asp
admins.html
admins.asp
admins/
AdminTools/
admloginuser.asp
admloginuser.asp
admloginuser.asp
affiliate.asp
affiliate.asp
affiliate.asp
autologin/
banneradmin/
bb-admin
bbadmin/
bb-admin/admin.asp
bb-admin/admin.asp
bb-admin/admin.html
bb-admin/admin.asp
bb-admin/index.asp
bb-admin/index.asp
bb-admin/index.html
bb-admin/index.asp
bb-admin/login.asp
bb-admin/login.asp
bb-admin/login.html
bb-admin/login.asp
bigadmin/
blogindex/
cadmins/
ccp14admin/
Clave/
cmsadmin/
controlpanel.asp
controlpanel.asp
controlpanel.html
controlpanel.asp
controlpanel/
cp.asp
cp.asp
cp.html
cp.asp
cpanel/
cPanel/
cpanel_file/
customer_login/
database_administration/
Database_Administration/
directadmin/
dir-login/
ezsqliteadmin/
fileadmin.asp
fileadmin.html
fileadmin.asp
fileadmin/
formslogin/
globes_admin/
home.asp
home.asp
home.html
home.asp
hpwebjetadmin/
Indy_admin/
instadmin
irc-macadmin/
LiveUser_Admin/
login.asp
login.asp
login.html
login.asp
login_db/
login1/
loginflat/
login-redirect/
login-us/
logo_sysadmin/
Lotus_Domino_Admin/
macadmin/
manage
manuallogin/
memberadmin
memberadmin.asp
memberadmin.asp
memberadmin.asp
members/
memlogin/
meta_login/
modelsearch/admin.asp
modelsearch/admin.asp
modelsearch/admin.html
modelsearch/admin.asp
modelsearch/index.asp
modelsearch/index.asp
modelsearch/index.html
modelsearch/index.asp
modelsearch/login.asp
modelsearch/login.asp
modelsearch/login.html
modelsearch/login.asp
moderator
moderator.asp
moderator.asp
moderator.html
moderator.asp
moderator/
moderator/admin.asp
moderator/admin.asp
moderator/admin.html
moderator/admin.asp
moderator/login.asp
moderator/login.asp
moderator/login.html
moderator/login.asp
myadmin/
navSiteAdmin/
newsadmin/
nsw/admin/login.asp
openvpnadmin/
P\/W/
pages/admin/admin-login.asp
pages/admin/admin-login.asp
pages/admin/admin-login.html
pages/admin/admin-login.asp
panel/
panel-administracion
panel-administracion/admin.asp
panel-administracion/admin.asp
panel-administracion/admin.html
panel-administracion/admin.asp
panel-administracion/index.asp
panel-administracion/index.asp
panel-administracion/index.html
panel-administracion/index.asp
panel-administracion/login.asp
panel-administracion/login.asp
panel-administracion/login.html
panel-administracion/login.asp
passe/
password/
Password/
PASSWORD/
Personal/
pgadmin/
aspldapadmin/
aspmyadmin/
asppgadmin/
aspSQLiteAdmin/
platz_login/
power_user/
project-admins/
pureadmin/
radmind/
radmind-1/
rcjakar/admin/login.asp
rcLogin/
senha/
Senha/
Server.asp
Server.html
Server.asp
server/
Server/
server_admin_small/
ServerAdministrator/
showlogin/
simpleLogin/
Sing/
siteadmin/index.asp
siteadmin/index.asp
siteadmin/index.asp
siteadmin/login.asp
siteadmin/login.asp
siteadmin/login.html
siteadmin/login.asp
smblogin/
sql-admin/
ss_vms_admin_sm/
sshadmin/
staradmin/
sub-login/
Super-Admin/
support_login/
sysadmin.asp
sysadmin.html
sysadmin.asp
sysadmin/
sys-admin/
SysAdmin/
SysAdmin2/
sysadmins/
system_administration/
system-administration/
typo3/
ur-admin.asp
ur-admin.html
ur-admin.asp
ur-admin/
usager/
Usager/
user.asp
user.asp
user.html
user.asp
useradmin/
UserLogin/
username/
Username/
USERNAME/
Usuario/
utility_login/
vadmind/
vmailadmin/
webadmin
webadmin.asp
webadmin.asp
webadmin.html
webadmin.asp
webadmin/
WebAdmin/
webadmin/admin.asp
webadmin/admin.asp
webadmin/admin.html
webadmin/admin.asp
webadmin/index.asp
webadmin/index.asp
webadmin/index.html
webadmin/index.asp
webadmin/login.asp
webadmin/login.asp
webadmin/login.html
webadmin/login.asp
wizmysqladmin/
wp-admin
wp-admin/
wp-login.asp
wp-login/
xlogin/
yonetici.asp
yonetici.html
yonetici.asp
yonetim.asp
yonetim.html
yonetim.asp
